// Vitest Snapshot v1

exports[`createUserFromCognitoEvent > resolves with a correct value 1`] = `
{
  "Attributes": {
    "dummyPutCommandAttrKey": "dummyPutCommandAttrValue",
  },
}
`;

exports[`createUserFromCognitoEvent > sends "PutCommand" to DynamoDB with correct args 1`] = `
{
  "Item": {
    "dummyUserPropFromCognitoEventKey": "dummyUserPropFromCognitoEventValue",
    "id": "dummyId",
    "settings": {},
  },
  "TableName": "TripPics-Users",
}
`;
