// Vitest Snapshot v1

exports[`daysToMilliseconds > returns a correct value 1`] = `432000000`;
