// Vitest Snapshot v1

exports[`get-public-credentials > resolves with a correct value 1`] = `
{
  "accessKeyId": "dummyAccessKeyId",
  "expiration": 2022-01-01T00:00:00.000Z,
  "secretKey": "dummySecretKey",
  "sessionToken": "dummySessionToken",
}
`;

exports[`get-public-credentials > sends "GetCredentialsForIdentityCommand" from "CognitoIdentityClient" with correct args 1`] = `
{
  "IdentityId": "dummyIdentityId",
}
`;

exports[`get-public-credentials > sends "GetIdCommand" from "CognitoIdentityClient" with correct args 1`] = `
{
  "IdentityPoolId": "dummyIdentityPoolId",
}
`;

exports[`get-public-credentials > when "Credentials" is missing from GetCredentialsForIdentityCommand response > calls "errorResponse" with correct args 1`] = `
[
  [
    "d76fddbcb4",
  ],
]
`;

exports[`get-public-credentials > when "Credentials" is missing from GetCredentialsForIdentityCommand response > resolves with a correct value 1`] = `"dummyErrorResponse"`;

exports[`get-public-credentials > when "IdentityPoolId" is missing from GetIdCommand response > calls "errorResponse" with correct args 1`] = `
[
  [
    "b84787e3e6",
  ],
]
`;

exports[`get-public-credentials > when "IdentityPoolId" is missing from GetIdCommand response > resolves with a correct value 1`] = `"dummyErrorResponse"`;

exports[`get-public-credentials > when "identityPoolId" env var is missing > calls "errorResponse" with correct args 1`] = `
[
  [
    "c6d852203f",
  ],
]
`;

exports[`get-public-credentials > when "identityPoolId" env var is missing > resolves with a correct value 1`] = `"dummyErrorResponse"`;
