// Vitest Snapshot v1

exports[`"handlerWrapper" returns a wrapper function that > calls the wrapped function with its call args  1`] = `
[
  [
    "dummyFnArg",
  ],
]
`;

exports[`"handlerWrapper" returns a wrapper function that > returns the return value of the wrapped function  1`] = `"dummyFnReturnValue"`;
