// Vitest Snapshot v1

exports[`getRandomBase64UrlSafe > calls "crypto.randomBytes" with correct args 1`] = `
[
  [
    128,
  ],
]
`;

exports[`getRandomBase64UrlSafe > calls "toString" from the return value of "crypto.randomBytes" with correct args 1`] = `
[
  [
    "base64url",
  ],
]
`;

exports[`getRandomBase64UrlSafe > resolves with a correct value 1`] = `"dummyCryptoRandomBytesToString"`;
