// Vitest Snapshot v1

exports[`deleteSession > resolves with a correct value 1`] = `"dummyRefreshToken"`;

exports[`deleteSession > sends "DeleteCommand" to DynamoDB with correct args 1`] = `
{
  "Key": {
    "id": "dummySessionId",
  },
  "ReturnValues": "ALL_OLD",
  "TableName": "TripPics-Sessions",
}
`;

exports[`deleteSession > when "Attributes" prop is missing from "DeleteCommand" output > rejects with a correct value 1`] = `[Error: Could not find "Sessions" item with id "dummySessionId"]`;
